{
  "version": "1.5.0",
  "plugins_used": [
    {
      "name": "ArtifactoryDetector"
    },
    {
      "name": "AWSKeyDetector"
    },
    {
      "name": "AzureStorageKeyDetector"
    },
    {
      "name": "Base64HighEntropyString",
      "limit": 4.5
    },
    {
      "name": "BasicAuthDetector"
    },
    {
      "name": "CloudantDetector"
    },
    {
      "name": "DiscordBotTokenDetector"
    },
    {
      "name": "GitHubTokenDetector"
    },
    {
      "name": "GitLabTokenDetector"
    },
    {
      "name": "HexHighEntropyString",
      "limit": 3.0
    },
    {
      "name": "IbmCloudIamDetector"
    },
    {
      "name": "IbmCosHmacDetector"
    },
    {
      "name": "IPPublicDetector"
    },
    {
      "name": "JwtTokenDetector"
    },
    {
      "name": "KeywordDetector",
      "keyword_exclude": ""
    },
    {
      "name": "MailchimpDetector"
    },
    {
      "name": "NpmDetector"
    },
    {
      "name": "OpenAIDetector"
    },
    {
      "name": "PrivateKeyDetector"
    },
    {
      "name": "PypiTokenDetector"
    },
    {
      "name": "SendGridDetector"
    },
    {
      "name": "SlackDetector"
    },
    {
      "name": "SoftlayerDetector"
    },
    {
      "name": "SquareOAuthDetector"
    },
    {
      "name": "StripeDetector"
    },
    {
      "name": "TelegramBotTokenDetector"
    },
    {
      "name": "TwilioKeyDetector"
    }
  ],
  "filters_used": [
    {
      "path": "detect_secrets.filters.common.is_baseline_file",
      "filename": ".secrets.baseline"
    },
    {
      "path": "detect_secrets.filters.common.is_ignored_due_to_verification_policies",
      "min_level": 2
    }
  ],
  "results": {
    ".env.local": [
      {
        "type": "Base64 High Entropy String",
        "filename": ".env.local",
        "hashed_secret": "b6c8cd8deecf4b6cef4a38404af5579d8e78a7df",
        "is_verified": false,
        "line_number": 10
      },
      {
        "type": "Secret Keyword",
        "filename": ".env.local",
        "hashed_secret": "b6c8cd8deecf4b6cef4a38404af5579d8e78a7df",
        "is_verified": false,
        "line_number": 10
      },
      {
        "type": "Secret Keyword",
        "filename": ".env.local",
        "hashed_secret": "b76dde5c369da0bab40a58c2682814a60bf7acac",
        "is_verified": false,
        "line_number": 15
      }
    ],
    ".pytest_cache\\CACHEDIR.TAG": [
      {
        "type": "Hex High Entropy String",
        "filename": ".pytest_cache\\CACHEDIR.TAG",
        "hashed_secret": "e8f8c345877b2411a59897798e422b15b0c16d76",
        "is_verified": false,
        "line_number": 1
      }
    ],
    "configs\\platforms.yaml": [
      {
        "type": "Secret Keyword",
        "filename": "configs\\platforms.yaml",
        "hashed_secret": "920025a944b7037f2c0ab7f2bb7746de0993a803",
        "is_verified": false,
        "line_number": 16
      },
      {
        "type": "Secret Keyword",
        "filename": "configs\\platforms.yaml",
        "hashed_secret": "ba4d38e2a7e8c718913887136d2526351d05cd69",
        "is_verified": false,
        "line_number": 118
      },
      {
        "type": "Secret Keyword",
        "filename": "configs\\platforms.yaml",
        "hashed_secret": "a2577a3071907b7d907378e48602f76f8c602f40",
        "is_verified": false,
        "line_number": 135
      },
      {
        "type": "Secret Keyword",
        "filename": "configs\\platforms.yaml",
        "hashed_secret": "5310a428a374b7be3574e6db76ee6dbaa8c79aca",
        "is_verified": false,
        "line_number": 144
      },
      {
        "type": "Secret Keyword",
        "filename": "configs\\platforms.yaml",
        "hashed_secret": "02ecb94373bfb3dfe827ca18409f50b016e8302a",
        "is_verified": false,
        "line_number": 241
      },
      {
        "type": "Secret Keyword",
        "filename": "configs\\platforms.yaml",
        "hashed_secret": "4835254aab9494e03d8b72e816719a4914612587",
        "is_verified": false,
        "line_number": 250
      }
    ],
    "crawler\\reports\\test_report_20260425_000933.json": [
      {
        "type": "Base64 High Entropy String",
        "filename": "crawler\\reports\\test_report_20260425_000933.json",
        "hashed_secret": "c7becabfe83c251e82690cb330d406415007de49",
        "is_verified": false,
        "line_number": 361
      }
    ],
    "crawler\\reports\\test_report_20260426_201028.json": [
      {
        "type": "Base64 High Entropy String",
        "filename": "crawler\\reports\\test_report_20260426_201028.json",
        "hashed_secret": "c7becabfe83c251e82690cb330d406415007de49",
        "is_verified": false,
        "line_number": 189
      }
    ],
    "crawler\\reports\\test_report_20260426_224946.json": [
      {
        "type": "Base64 High Entropy String",
        "filename": "crawler\\reports\\test_report_20260426_224946.json",
        "hashed_secret": "c7becabfe83c251e82690cb330d406415007de49",
        "is_verified": false,
        "line_number": 315
      }
    ],
    "crawler\\reports\\test_report_20260426_231714.json": [
      {
        "type": "Base64 High Entropy String",
        "filename": "crawler\\reports\\test_report_20260426_231714.json",
        "hashed_secret": "c7becabfe83c251e82690cb330d406415007de49",
        "is_verified": false,
        "line_number": 315
      }
    ],
    "docs\\raw-data\\nvidia\\nvidia_raw_20260419_053209.json": [
      {
        "type": "Base64 High Entropy String",
        "filename": "docs\\raw-data\\nvidia\\nvidia_raw_20260419_053209.json",
        "hashed_secret": "c7becabfe83c251e82690cb330d406415007de49",
        "is_verified": false,
        "line_number": 950
      }
    ],
    "logs\\run_20260424_235834.jsonl": [
      {
        "type": "Base64 High Entropy String",
        "filename": "logs\\run_20260424_235834.jsonl",
        "hashed_secret": "c7becabfe83c251e82690cb330d406415007de49",
        "is_verified": false,
        "line_number": 75
      }
    ],
    "logs\\run_20260426_200653.jsonl": [
      {
        "type": "Base64 High Entropy String",
        "filename": "logs\\run_20260426_200653.jsonl",
        "hashed_secret": "c7becabfe83c251e82690cb330d406415007de49",
        "is_verified": false,
        "line_number": 47
      }
    ],
    "logs\\run_20260426_224257.jsonl": [
      {
        "type": "Base64 High Entropy String",
        "filename": "logs\\run_20260426_224257.jsonl",
        "hashed_secret": "c7becabfe83c251e82690cb330d406415007de49",
        "is_verified": false,
        "line_number": 55
      }
    ],
    "logs\\run_20260426_230518.jsonl": [
      {
        "type": "Base64 High Entropy String",
        "filename": "logs\\run_20260426_230518.jsonl",
        "hashed_secret": "c7becabfe83c251e82690cb330d406415007de49",
        "is_verified": false,
        "line_number": 57
      }
    ],
    "platforms\\kimi\\client.py": [
      {
        "type": "Secret Keyword",
        "filename": "platforms\\kimi\\client.py",
        "hashed_secret": "0bb40964ad52813c1979f7b24ffdfda36d440b27",
        "is_verified": false,
        "line_number": 60
      }
    ],
    "platforms\\nvidia\\client.py": [
      {
        "type": "Secret Keyword",
        "filename": "platforms\\nvidia\\client.py",
        "hashed_secret": "920025a944b7037f2c0ab7f2bb7746de0993a803",
        "is_verified": false,
        "line_number": 264
      }
    ],
    "platforms\\zhipu\\client.py": [
      {
        "type": "Secret Keyword",
        "filename": "platforms\\zhipu\\client.py",
        "hashed_secret": "5310a428a374b7be3574e6db76ee6dbaa8c79aca",
        "is_verified": false,
        "line_number": 23
      }
    ],
    "scripts\\run_comprehensive.py": [
      {
        "type": "Secret Keyword",
        "filename": "scripts\\run_comprehensive.py",
        "hashed_secret": "2e7a7ee14caebf378fc32d6cf6f557f347c96773",
        "is_verified": false,
        "line_number": 112
      }
    ],
    "src\\platform_registry.py": [
      {
        "type": "Secret Keyword",
        "filename": "src\\platform_registry.py",
        "hashed_secret": "920025a944b7037f2c0ab7f2bb7746de0993a803",
        "is_verified": false,
        "line_number": 218
      }
    ],
    "tests\\test_platform_config.py": [
      {
        "type": "Secret Keyword",
        "filename": "tests\\test_platform_config.py",
        "hashed_secret": "920025a944b7037f2c0ab7f2bb7746de0993a803",
        "is_verified": false,
        "line_number": 47
      }
    ]
  },
  "generated_at": "2026-05-30T22:24:29Z"
}
